*------------------------------------------------------------*
User:                u63731749
Date:                07 January 2024
Time:                02:44:55
*------------------------------------------------------------*
* Training Output
*------------------------------------------------------------*
 
 
 
 
Variable Summary
 
          Measurement    Frequency
 Role        Level         Count
 
INPUT      INTERVAL          14
INPUT      NOMINAL            5
TARGET     NOMINAL            1
 
 
 
 
Modified Attributes for DATA Port
 
                     Measurement      New               New                   New                 New
Variable Name           Level        Level     Role     Role       Report    Report    Order     Order     Creator    Label
 
CityTier              INTERVAL      ORDINAL    INPUT    DEFAULT      N         D                DEFAULT
Complain              INTERVAL      NOMINAL    INPUT    DEFAULT      N         D                DEFAULT
CustomerID            INTERVAL      DEFAULT    INPUT    ID           N         D                DEFAULT
SatisfactionScore     INTERVAL      ORDINAL    INPUT    DEFAULT      N         D                DEFAULT


*------------------------------------------------------------*
* Score Output
*------------------------------------------------------------*


*------------------------------------------------------------*
* Report Output
*------------------------------------------------------------*
 
 
 
Exported Attributes for TRAIN Port
(maximum 500 observations printed)
 
                                         Measurement
Variable Name                  Role         Level       Creator    Label
 
CashbackAmount                 INPUT      INTERVAL
Churn                          TARGET     NOMINAL
CityTier                       INPUT      ORDINAL
Complain                       INPUT      NOMINAL
CouponUsed                     INPUT      INTERVAL
CustomerID                     ID         INTERVAL
DaySinceLastOrder              INPUT      INTERVAL
Gender                         INPUT      NOMINAL
HourSpendOnApp                 INPUT      INTERVAL
MaritalStatus                  INPUT      NOMINAL
NumberOfAddress                INPUT      INTERVAL
NumberOfDeviceRegistered       INPUT      INTERVAL
OrderAmountHikeFromlastYear    INPUT      INTERVAL
OrderCount                     INPUT      INTERVAL
PreferedOrderCat               INPUT      NOMINAL
PreferredLoginDevice           INPUT      NOMINAL
PreferredPaymentMode           INPUT      NOMINAL
SatisfactionScore              INPUT      ORDINAL
Tenure                         INPUT      INTERVAL
WarehouseToHome                INPUT      INTERVAL
