*------------------------------------------------------------*
User:                u63731749
Date:                07 January 2024
Time:                02:46:14
*------------------------------------------------------------*
* Training Output
*------------------------------------------------------------*
 
 
 
 
Variable Summary
 
          Measurement    Frequency
Role         Level         Count
 
ID         INTERVAL           1
INPUT      INTERVAL          10
INPUT      NOMINAL            6
INPUT      ORDINAL            2
TARGET     NOMINAL            1
 
 
 
Variable Levels Summary
(maximum 500 observations printed)
 
                        Frequency
Variable      Role        Count
 
Churn         TARGET          2
CustomerID    ID           5630
 
 
 
Class Variable Summary Statistics
(maximum 500 observations printed)
 
Data Role=TRAIN
 
                                           Number
Data                                         of                                    Mode                               Mode2
Role     Variable Name            Role     Levels    Missing    Mode            Percentage    Mode2                 Percentage
 
TRAIN    CityTier                INPUT        3         0       1                 65.12       3                       30.59
TRAIN    Complain                INPUT        2         0       0                 71.51       1                       28.49
TRAIN    Gender                  INPUT        2         0       Male              60.11       Female                  39.89
TRAIN    MaritalStatus           INPUT        3         0       Married           53.04       Single                  31.90
TRAIN    PreferedOrderCat        INPUT        5         0       Mobile            36.94       Laptop & Accessory      36.41
TRAIN    PreferredLoginDevice    INPUT        2         0       Mobile Phone      70.98       Computer                29.02
TRAIN    PreferredPaymentMode    INPUT        5         0       Debit Card        41.10       Credit Card             31.51
TRAIN    SatisfactionScore       INPUT        5         0       3                 30.16       1                       20.67
TRAIN    Churn                   TARGET       2         0       0                 83.16       1                       16.84
 
 
 
Distribution of Class Target and Segment Variables
(maximum 500 observations printed)
 
Data Role=TRAIN
 
Data     Variable                        Frequency
Role       Name       Role     Level         Count    Percent
 
TRAIN     Churn      TARGET      0            4682    83.1616
TRAIN     Churn      TARGET      1             948    16.8384
 
 
 
Interval Variable Summary Statistics
(maximum 500 observations printed)
 
Data Role=TRAIN
 
                                                    Standard          Non
Variable                       Role         Mean    Deviation     Missing     Missing     Minimum      Median     Maximum    Skewness    Kurtosis
 
CashbackAmount                 INPUT    177.2215    49.19387         5630           0           0         163         325    1.149595    0.973546
CouponUsed                     INPUT    1.751023    1.894621         5374         256           0           1          16    2.545653    9.132281
DaySinceLastOrder              INPUT    4.543491    3.654433         5323         307           0           3          46       1.191    4.023964
HourSpendOnApp                 INPUT    2.931535    0.721926         5375         255           0           3           5    -0.02721    -0.66708
NumberOfAddress                INPUT    4.214032    2.583586         5630           0           1           3          22    1.088639    0.959229
NumberOfDeviceRegistered       INPUT    3.688988    1.023999         5630           0           1           4           6    -0.39697    0.582849
OrderAmountHikeFromlastYear    INPUT    15.70792    3.675485         5365         265          11          15          26    0.790785    -0.28038
OrderCount                     INPUT    3.008004     2.93968         5372         258           1           2          16    2.196414    4.718466
Tenure                         INPUT     10.1899    8.557241         5366         264           0           9          61    0.736513    -0.00737
WarehouseToHome                INPUT    15.60271    8.261845         5379         251           5          14          36    0.898406    -0.28639
 
 
 
Class Variable Summary Statistics by Class Target
(maximum 500 observations printed)
 
Data Role=TRAIN Variable Name=CityTier
 
                       Number
             Target      of                            Mode                  Mode2
Target       Level     Levels    Missing    Mode    Percentage    Mode2    Percentage
 
Churn          0          3         0        1        66.94         3        28.92
Churn          1          3         0        1        56.12         3        38.82
_OVERALL_                 3         0        1        65.12         3        30.59
 
 
Data Role=TRAIN Variable Name=Complain
 
                       Number
             Target      of                            Mode                  Mode2
Target       Level     Levels    Missing    Mode    Percentage    Mode2    Percentage
 
Churn          0          2         0        0        76.59         1        23.41
Churn          1          2         0        1        53.59         0        46.41
_OVERALL_                 2         0        0        71.51         1        28.49
 
 
Data Role=TRAIN Variable Name=Gender
 
                       Number
             Target      of                            Mode                   Mode2
Target       Level     Levels    Missing    Mode    Percentage    Mode2     Percentage
 
Churn          0          2         0       Male      59.46       Female      40.54
Churn          1          2         0       Male      63.29       Female      36.71
_OVERALL_                 2         0       Male      60.11       Female      39.89
 
 
Data Role=TRAIN Variable Name=MaritalStatus
 
                       Number
             Target      of                               Mode                    Mode2
Target       Level     Levels    Missing     Mode      Percentage     Mode2     Percentage
 
Churn          0          3         0       Married      56.43       Single       28.11
Churn          1          3         0       Single       50.63       Married      36.29
_OVERALL_                 3         0       Married      53.04       Single       31.90
 
 
Data Role=TRAIN Variable Name=PreferedOrderCat
 
                       Number
             Target      of                                          Mode                               Mode2
Target       Level     Levels    Missing    Mode                  Percentage    Mode2                 Percentage
 
Churn          0          5         0       Laptop & Accessory      39.30       Mobile                  32.25
Churn          1          5         0       Mobile                  60.13       Laptop & Accessory      22.15
_OVERALL_                 5         0       Mobile                  36.94       Laptop & Accessory      36.41
 
 
Data Role=TRAIN Variable Name=PreferredLoginDevice
 
                       Number
             Target      of                                    Mode                     Mode2
Target       Level     Levels    Missing        Mode        Percentage     Mode2      Percentage
 
Churn          0          2         0       Mobile Phone      72.02       Computer      27.98
Churn          1          2         0       Mobile Phone      65.82       Computer      34.18
_OVERALL_                 2         0       Mobile Phone      70.98       Computer      29.02
 
 
Data Role=TRAIN Variable Name=PreferredPaymentMode
 
                       Number
             Target      of                                  Mode                        Mode2
Target       Level     Levels    Missing       Mode       Percentage       Mode2       Percentage
 
Churn          0          5         0       Debit Card      41.82       Credit Card      32.51
Churn          1          5         0       Debit Card      37.55       Credit Card      26.58
_OVERALL_                 5         0       Debit Card      41.10       Credit Card      31.51
 
 
Data Role=TRAIN Variable Name=SatisfactionScore
 
                       Number
             Target      of                            Mode                  Mode2
Target       Level     Levels    Missing    Mode    Percentage    Mode2    Percentage
 
Churn          0          5         0        3        30.03         1        22.00
Churn          1          5         0        3        30.80         5        27.85
_OVERALL_                 5         0        3        30.16         1        20.67
 
 
 
Interval Variable Summary Statistics by Class Target
(maximum 500 observations printed)
 
Data Role=TRAIN Variable=CashbackAmount
 
             Target                                 Non                                        Standard
Target       Level       Median     Missing     Missing     Minimum     Maximum        Mean    Deviation    Skewness    Kurtosis    Role         Label
 
Churn          0            166           0        4682           0         325    180.6337     50.4228     1.061598    0.702606    INPUT    CashbackAmount
Churn          1            150           0         948         110         324    160.3692    38.41353     1.614786    3.241261    INPUT    CashbackAmount
_OVERALL_                   163           0        5630           0         325    177.2215    49.19387     1.149595    0.973546    INPUT    CashbackAmount
 
 
Data Role=TRAIN Variable=CouponUsed
 
             Target                                 Non                                        Standard
Target       Level       Median     Missing     Missing     Minimum     Maximum        Mean    Deviation    Skewness    Kurtosis    Role       Label
 
Churn          0              1         248        4434           0          16    1.758232    1.893083     2.530659    8.979435    INPUT    CouponUsed
Churn          1              1           8         940           0          16    1.717021    1.902503     2.621471    9.913218    INPUT    CouponUsed
_OVERALL_                     1         256        5374           0          16    1.751023    1.894621     2.545653    9.132281    INPUT    CouponUsed
 
 
Data Role=TRAIN Variable=DaySinceLastOrder
 
             Target                                 Non                                        Standard
Target       Level       Median     Missing     Missing     Minimum     Maximum        Mean    Deviation    Skewness    Kurtosis    Role           Label
 
Churn          0              4         253        4429           0          31    4.807406    3.644758     0.929004    1.142276    INPUT    DaySinceLastOrder
Churn          1              2          54         894           0          46    3.236018    3.415137     2.996491    27.14978    INPUT    DaySinceLastOrder
_OVERALL_                     3         307        5323           0          46    4.543491    3.654433        1.191    4.023964    INPUT    DaySinceLastOrder
 
 
Data Role=TRAIN Variable=HourSpendOnApp
 
             Target                                 Non                                        Standard
Target       Level       Median     Missing     Missing     Minimum     Maximum        Mean    Deviation    Skewness    Kurtosis    Role         Label
 
Churn          0              3         197        4485           0           5     2.92553    0.727184     -0.03853    -0.63078    INPUT    HourSpendOnApp
Churn          1              3          58         890           2           4    2.961798    0.694427     0.051111    -0.92307    INPUT    HourSpendOnApp
_OVERALL_                     3         255        5375           0           5    2.931535    0.721926     -0.02721    -0.66708    INPUT    HourSpendOnApp
 
 
Data Role=TRAIN Variable=NumberOfAddress
 
             Target                                 Non                                        Standard
Target       Level       Median     Missing     Missing     Minimum     Maximum        Mean    Deviation    Skewness    Kurtosis    Role          Label
 
Churn          0              3           0        4682           1          22    4.162965    2.537001     1.089279    0.909899    INPUT    NumberOfAddress
Churn          1              3           0         948           1          20    4.466245    2.790071      1.04452    0.967439    INPUT    NumberOfAddress
_OVERALL_                     3           0        5630           1          22    4.214032    2.583586     1.088639    0.959229    INPUT    NumberOfAddress
 
 
Data Role=TRAIN Variable=NumberOfDeviceRegistered
 
             Target                                 Non                                        Standard
Target       Level       Median     Missing     Missing     Minimum     Maximum        Mean    Deviation    Skewness    Kurtosis    Role              Label
 
Churn          0              4           0        4682           1           6    3.639257     1.01891     -0.44164    0.580104    INPUT    NumberOfDeviceRegistered
Churn          1              4           0         948           1           6    3.934599    1.014127     -0.22183    0.470512    INPUT    NumberOfDeviceRegistered
_OVERALL_                     4           0        5630           1           6    3.688988    1.023999     -0.39697    0.582849    INPUT    NumberOfDeviceRegistered
 
 
Data Role=TRAIN Variable=OrderAmountHikeFromlastYear
 
             Target                                 Non                                        Standard
Target       Level       Median     Missing     Missing     Minimum     Maximum        Mean    Deviation    Skewness    Kurtosis    Role                Label
 
Churn          0             15         251        4431          11          26    15.72489    3.646256     0.785594    -0.26268    INPUT    OrderAmountHikeFromlastYear
Churn          1             14          14         934          11          26    15.62741    3.812084      0.81783     -0.3519    INPUT    OrderAmountHikeFromlastYear
_OVERALL_                    15         265        5365          11          26    15.70792    3.675485     0.790785    -0.28038    INPUT    OrderAmountHikeFromlastYear
 
 
Data Role=TRAIN Variable=OrderCount
 
             Target                                 Non                                        Standard
Target       Level       Median     Missing     Missing     Minimum     Maximum        Mean    Deviation    Skewness    Kurtosis    Role       Label
 
Churn          0              2         240        4442           1          16    3.046601    2.964982     2.146259    4.429817    INPUT    OrderCount
Churn          1              2          18         930           1          16    2.823656    2.809924     2.469313      6.4282    INPUT    OrderCount
_OVERALL_                     2         258        5372           1          16    3.008004     2.93968     2.196414    4.718466    INPUT    OrderCount
 
 
Data Role=TRAIN Variable=Tenure
 
             Target                                 Non                                        Standard
Target       Level       Median     Missing     Missing     Minimum     Maximum        Mean    Deviation    Skewness    Kurtosis    Role     Label
 
Churn          0             10         183        4499           0          61    11.50233    8.419217     0.650971    -0.00781    INPUT    Tenure
Churn          1              1          81         867           0          21    3.379469    5.486089     1.887881    2.387559    INPUT    Tenure
_OVERALL_                     9         264        5366           0          61     10.1899    8.557241     0.736513    -0.00737    INPUT    Tenure
 
 
Data Role=TRAIN Variable=WarehouseToHome
 
             Target                                 Non                                        Standard
Target       Level       Median     Missing     Missing     Minimum     Maximum        Mean    Deviation    Skewness    Kurtosis    Role          Label
 
Churn          0             13         167        4515           5          36    15.30963    8.157553     0.963509    -0.12078    INPUT    WarehouseToHome
Churn          1             15          84         864           5          36    17.13426    8.631132     0.595174    -0.88121    INPUT    WarehouseToHome
_OVERALL_                    14         251        5379           5          36    15.60271    8.261845     0.898406    -0.28639    INPUT    WarehouseToHome
 
 
 
Chi-Square Statistics
(maximum 500 observations printed)
 
Data Role=TRAIN Target=Churn
 
Input                   Chi-Square    Df      Prob
 
Complain                  352.4051     1    <.0001
PreferedOrderCat          288.5978     4    <.0001
MaritalStatus             188.6710     2    <.0001
SatisfactionScore          69.8654     4    <.0001
PreferredPaymentMode       51.8290     4    <.0001
CityTier                   40.9824     2    <.0001
PreferredLoginDevice       14.7006     1    0.0001
Gender                      4.8213     1    0.0281


*------------------------------------------------------------*
* Score Output
*------------------------------------------------------------*


*------------------------------------------------------------*
* Report Output
*------------------------------------------------------------*
