*------------------------------------------------------------*
User:                u63731749
Date:                07 January 2024
Time:                04:54:21
*------------------------------------------------------------*
* Training Output
*------------------------------------------------------------*
 
 
 
 
Variable Summary
 
          Measurement    Frequency
Role         Level         Count
 
ID         INTERVAL           1
INPUT      INTERVAL          10
INPUT      NOMINAL            6
INPUT      ORDINAL            2
TARGET     NOMINAL            1
 
 
 
Variable Levels Summary
(maximum 500 observations printed)
 
                        Frequency
Variable      Role        Count
 
Churn         TARGET          2
CustomerID    ID           5630
 
 
 
Class Variable Summary Statistics
(maximum 500 observations printed)
 
Data Role=TRAIN
 
                                           Number
Data                                         of                                    Mode                               Mode2
Role     Variable Name            Role     Levels    Missing    Mode            Percentage    Mode2                 Percentage
 
TRAIN    CityTier                INPUT        3         0       1                 65.12       3                       30.59
TRAIN    Complain                INPUT        2         0       0                 71.51       1                       28.49
TRAIN    Gender                  INPUT        2         0       Male              60.11       Female                  39.89
TRAIN    MaritalStatus           INPUT        3         0       Married           53.04       Single                  31.90
TRAIN    PreferedOrderCat        INPUT        5         0       Mobile            36.94       Laptop & Accessory      36.41
TRAIN    PreferredLoginDevice    INPUT        2         0       Mobile Phone      70.98       Computer                29.02
TRAIN    PreferredPaymentMode    INPUT        5         0       Debit Card        41.10       Credit Card             31.51
TRAIN    SatisfactionScore       INPUT        5         0       3                 30.16       1                       20.67
TRAIN    Churn                   TARGET       2         0       0                 83.16       1                       16.84
 
 
 
Distribution of Class Target and Segment Variables
(maximum 500 observations printed)
 
Data Role=TRAIN
 
Data     Variable                        Frequency
Role       Name       Role     Level         Count    Percent
 
TRAIN     Churn      TARGET      0            4682    83.1616
TRAIN     Churn      TARGET      1             948    16.8384
 
 
 
Interval Variable Summary Statistics
(maximum 500 observations printed)
 
Data Role=TRAIN
 
                                                        Standard          Non
Variable                           Role         Mean    Deviation     Missing     Missing     Minimum      Median     Maximum    Skewness    Kurtosis
 
CashbackAmount                     INPUT    177.2215    49.19387         5630           0           0         163         325    1.149595    0.973546
IMP_CouponUsed                     INPUT    1.751023    1.851038         5630           0           0           1          16    2.605547    9.709842
IMP_DaySinceLastOrder              INPUT    4.543491    3.553382         5630           0           0           4          46    1.224844    4.428875
IMP_HourSpendOnApp                 INPUT    2.931535    0.705384         5630           0           0           3           5    -0.02785    -0.55635
IMP_OrderAmountHikeFromlastYear    INPUT    15.70792    3.587926         5630           0          11          15          26    0.810069    -0.14601
IMP_OrderCount                     INPUT    3.008004    2.871521         5630           0           1           2          16     2.24851    5.088971
IMP_Tenure                         INPUT     10.1899    8.354164         5630           0           0           9          61    0.754404    0.139888
IMP_WarehouseToHome                INPUT    15.60271    8.075545         5630           0           5          14          36    0.919117    -0.15973
NumberOfAddress                    INPUT    4.214032    2.583586         5630           0           1           3          22    1.088639    0.959229
NumberOfDeviceRegistered           INPUT    3.688988    1.023999         5630           0           1           4           6    -0.39697    0.582849
 
 
 
Class Variable Summary Statistics by Class Target
(maximum 500 observations printed)
 
Data Role=TRAIN Variable Name=CityTier
 
                       Number
             Target      of                            Mode                  Mode2
Target       Level     Levels    Missing    Mode    Percentage    Mode2    Percentage
 
Churn          0          3         0        1        66.94         3        28.92
Churn          1          3         0        1        56.12         3        38.82
_OVERALL_                 3         0        1        65.12         3        30.59
 
 
Data Role=TRAIN Variable Name=Complain
 
                       Number
             Target      of                            Mode                  Mode2
Target       Level     Levels    Missing    Mode    Percentage    Mode2    Percentage
 
Churn          0          2         0        0        76.59         1        23.41
Churn          1          2         0        1        53.59         0        46.41
_OVERALL_                 2         0        0        71.51         1        28.49
 
 
Data Role=TRAIN Variable Name=Gender
 
                       Number
             Target      of                            Mode                   Mode2
Target       Level     Levels    Missing    Mode    Percentage    Mode2     Percentage
 
Churn          0          2         0       Male      59.46       Female      40.54
Churn          1          2         0       Male      63.29       Female      36.71
_OVERALL_                 2         0       Male      60.11       Female      39.89
 
 
Data Role=TRAIN Variable Name=MaritalStatus
 
                       Number
             Target      of                               Mode                    Mode2
Target       Level     Levels    Missing     Mode      Percentage     Mode2     Percentage
 
Churn          0          3         0       Married      56.43       Single       28.11
Churn          1          3         0       Single       50.63       Married      36.29
_OVERALL_                 3         0       Married      53.04       Single       31.90
 
 
Data Role=TRAIN Variable Name=PreferedOrderCat
 
                       Number
             Target      of                                          Mode                               Mode2
Target       Level     Levels    Missing    Mode                  Percentage    Mode2                 Percentage
 
Churn          0          5         0       Laptop & Accessory      39.30       Mobile                  32.25
Churn          1          5         0       Mobile                  60.13       Laptop & Accessory      22.15
_OVERALL_                 5         0       Mobile                  36.94       Laptop & Accessory      36.41
 
 
Data Role=TRAIN Variable Name=PreferredLoginDevice
 
                       Number
             Target      of                                    Mode                     Mode2
Target       Level     Levels    Missing        Mode        Percentage     Mode2      Percentage
 
Churn          0          2         0       Mobile Phone      72.02       Computer      27.98
Churn          1          2         0       Mobile Phone      65.82       Computer      34.18
_OVERALL_                 2         0       Mobile Phone      70.98       Computer      29.02
 
 
Data Role=TRAIN Variable Name=PreferredPaymentMode
 
                       Number
             Target      of                                  Mode                        Mode2
Target       Level     Levels    Missing       Mode       Percentage       Mode2       Percentage
 
Churn          0          5         0       Debit Card      41.82       Credit Card      32.51
Churn          1          5         0       Debit Card      37.55       Credit Card      26.58
_OVERALL_                 5         0       Debit Card      41.10       Credit Card      31.51
 
 
Data Role=TRAIN Variable Name=SatisfactionScore
 
                       Number
             Target      of                            Mode                  Mode2
Target       Level     Levels    Missing    Mode    Percentage    Mode2    Percentage
 
Churn          0          5         0        3        30.03         1        22.00
Churn          1          5         0        3        30.80         5        27.85
_OVERALL_                 5         0        3        30.16         1        20.67
 
 
 
Interval Variable Summary Statistics by Class Target
(maximum 500 observations printed)
 
Data Role=TRAIN Variable=CashbackAmount
 
             Target                                 Non                                        Standard
Target       Level       Median     Missing     Missing     Minimum     Maximum        Mean    Deviation    Skewness    Kurtosis    Role         Label
 
Churn          0            166           0        4682           0         325    180.6337     50.4228     1.061598    0.702606    INPUT    CashbackAmount
Churn          1            150           0         948         110         324    160.3692    38.41353     1.614786    3.241261    INPUT    CashbackAmount
_OVERALL_                   163           0        5630           0         325    177.2215    49.19387     1.149595    0.973546    INPUT    CashbackAmount
 
 
Data Role=TRAIN Variable=IMP_CouponUsed
 
             Target                                 Non                                        Standard
Target       Level       Median     Missing     Missing     Minimum     Maximum        Mean    Deviation    Skewness    Kurtosis    Role           Label
 
Churn          0              1           0        4682           0          16     1.75785    1.842254      2.60104    9.651066    INPUT    Imputed CouponUsed
Churn          1              1           0         948           0          16    1.717308    1.894453     2.632101    10.02102    INPUT    Imputed CouponUsed
_OVERALL_                     1           0        5630           0          16    1.751023    1.851038     2.605547    9.709842    INPUT    Imputed CouponUsed
 
 
Data Role=TRAIN Variable=IMP_DaySinceLastOrder
 
             Target                                 Non                                        Standard
Target       Level       Median     Missing     Missing     Minimum     Maximum        Mean    Deviation    Skewness    Kurtosis    Role               Label
 
Churn          0              4           0        4682           0          31    4.793145    3.545396     0.966796    1.391848    INPUT    Imputed DaySinceLastOrder
Churn          1              2           0         948           0          46    3.310494    3.330169     2.983296    28.16439    INPUT    Imputed DaySinceLastOrder
_OVERALL_                     4           0        5630           0          46    4.543491    3.553382     1.224844    4.428875    INPUT    Imputed DaySinceLastOrder
 
 
Data Role=TRAIN Variable=IMP_HourSpendOnApp
 
             Target                                 Non                                        Standard
Target       Level       Median     Missing     Missing     Minimum     Maximum        Mean    Deviation    Skewness    Kurtosis    Role             Label
 
Churn          0              3           0        4682           0           5    2.925782    0.711719     -0.04044    -0.52661    INPUT    Imputed HourSpendOnApp
Churn          1              3           0         948           2           4    2.959946    0.672864     0.061003    -0.78709    INPUT    Imputed HourSpendOnApp
_OVERALL_                     3           0        5630           0           5    2.931535    0.705384     -0.02785    -0.55635    INPUT    Imputed HourSpendOnApp
 
 
Data Role=TRAIN Variable=IMP_OrderAmountHikeFromlastYear
 
             Target                                 Non                                        Standard
Target       Level       Median     Missing     Missing     Minimum     Maximum        Mean    Deviation    Skewness    Kurtosis    Role                    Label
 
Churn          0             15           0        4682          11          26    15.72398    3.547153     0.808292    -0.10675    INPUT    Imputed OrderAmountHikeFromlastYear
Churn          1             15           0         948          11          26     15.6286    3.783813     0.822964     -0.3132    INPUT    Imputed OrderAmountHikeFromlastYear
_OVERALL_                    15           0        5630          11          26    15.70792    3.587926     0.810069    -0.14601    INPUT    Imputed OrderAmountHikeFromlastYear
 
 
Data Role=TRAIN Variable=IMP_OrderCount
 
             Target                                 Non                                        Standard
Target       Level       Median     Missing     Missing     Minimum     Maximum        Mean    Deviation    Skewness    Kurtosis    Role           Label
 
Churn          0              2           0        4682           1          16    3.044622    2.887985     2.205467    4.836919    INPUT    Imputed OrderCount
Churn          1              2           0         948           1          16    2.827156    2.783205     2.488937    6.595913    INPUT    Imputed OrderCount
_OVERALL_                     2           0        5630           1          16    3.008004    2.871521      2.24851    5.088971    INPUT    Imputed OrderCount
 
 
Data Role=TRAIN Variable=IMP_Tenure
 
             Target                                 Non                                        Standard
Target       Level       Median     Missing     Missing     Minimum     Maximum        Mean    Deviation    Skewness    Kurtosis    Role         Label
 
Churn          0        10.1899           0        4682           0          61    11.45104    8.256925     0.681613    0.124759    INPUT    Imputed Tenure
Churn          1              1           0         948           0          21    3.961373    5.581317     1.480365    1.100745    INPUT    Imputed Tenure
_OVERALL_                     9           0        5630           0          61     10.1899    8.354164     0.754404    0.139888    INPUT    Imputed Tenure
 
 
Data Role=TRAIN Variable=IMP_WarehouseToHome
 
             Target                                 Non                                        Standard
Target       Level       Median     Missing     Missing     Minimum     Maximum        Mean    Deviation    Skewness    Kurtosis    Role              Label
 
Churn          0             14           0        4682           5          36    15.32009    8.010901     0.977172    -0.01965    INPUT    Imputed WarehouseToHome
Churn          1       15.60271           0         948           5          36    16.99855    8.250948     0.669619    -0.64475    INPUT    Imputed WarehouseToHome
_OVERALL_                    14           0        5630           5          36    15.60271    8.075545     0.919117    -0.15973    INPUT    Imputed WarehouseToHome
 
 
Data Role=TRAIN Variable=NumberOfAddress
 
             Target                                 Non                                        Standard
Target       Level       Median     Missing     Missing     Minimum     Maximum        Mean    Deviation    Skewness    Kurtosis    Role          Label
 
Churn          0              3           0        4682           1          22    4.162965    2.537001     1.089279    0.909899    INPUT    NumberOfAddress
Churn          1              3           0         948           1          20    4.466245    2.790071      1.04452    0.967439    INPUT    NumberOfAddress
_OVERALL_                     3           0        5630           1          22    4.214032    2.583586     1.088639    0.959229    INPUT    NumberOfAddress
 
 
Data Role=TRAIN Variable=NumberOfDeviceRegistered
 
             Target                                 Non                                        Standard
Target       Level       Median     Missing     Missing     Minimum     Maximum        Mean    Deviation    Skewness    Kurtosis    Role              Label
 
Churn          0              4           0        4682           1           6    3.639257     1.01891     -0.44164    0.580104    INPUT    NumberOfDeviceRegistered
Churn          1              4           0         948           1           6    3.934599    1.014127     -0.22183    0.470512    INPUT    NumberOfDeviceRegistered
_OVERALL_                     4           0        5630           1           6    3.688988    1.023999     -0.39697    0.582849    INPUT    NumberOfDeviceRegistered
 
 
 
Chi-Square Statistics
(maximum 500 observations printed)
 
Data Role=TRAIN Target=Churn
 
Input                   Chi-Square    Df      Prob
 
Complain                  352.4051     1    <.0001
PreferedOrderCat          288.5978     4    <.0001
MaritalStatus             188.6710     2    <.0001
SatisfactionScore          69.8654     4    <.0001
PreferredPaymentMode       51.8290     4    <.0001
CityTier                   40.9824     2    <.0001
PreferredLoginDevice       14.7006     1    0.0001
Gender                      4.8213     1    0.0281


*------------------------------------------------------------*
* Score Output
*------------------------------------------------------------*


*------------------------------------------------------------*
* Report Output
*------------------------------------------------------------*
