*------------------------------------------------------------*
User:                u63731749
Date:                07 January 2024
Time:                02:46:49
*------------------------------------------------------------*
* Training Output
*------------------------------------------------------------*
 
 
 
 
Variable Summary
 
          Measurement    Frequency
 Role        Level         Count
 
INPUT      INTERVAL          10
INPUT      NOMINAL            6
INPUT      ORDINAL            2
TARGET     NOMINAL            1


*------------------------------------------------------------*
* Score Output
*------------------------------------------------------------*


*------------------------------------------------------------*
* Report Output
*------------------------------------------------------------*
 
 
 
Imputation Summary
Number Of Observations
 
                                                                                                                         Number of
                               Impute                                        Impute             Measurement                Missing
Variable Name                  Method    Imputed Variable                    Value     Role        Level       Label     for TRAIN
 
CouponUsed                      MEAN     IMP_CouponUsed                      1.7510    INPUT     INTERVAL                      256
DaySinceLastOrder               MEAN     IMP_DaySinceLastOrder               4.5435    INPUT     INTERVAL                      307
HourSpendOnApp                  MEAN     IMP_HourSpendOnApp                  2.9315    INPUT     INTERVAL                      255
OrderAmountHikeFromlastYear     MEAN     IMP_OrderAmountHikeFromlastYear    15.7079    INPUT     INTERVAL                      265
OrderCount                      MEAN     IMP_OrderCount                      3.0080    INPUT     INTERVAL                      258
Tenure                          MEAN     IMP_Tenure                         10.1899    INPUT     INTERVAL                      264
WarehouseToHome                 MEAN     IMP_WarehouseToHome                15.6027    INPUT     INTERVAL                      251
 
 
 
 
Variable Distribution Training Data
 
        Number of
          Missing    Number of    Percent of
Obs     for TRAIN    Variables     Variables
 
 1            307        1          14.2857
 2            265        1          14.2857
 3            264        1          14.2857
 4            258        1          14.2857
 5            256        1          14.2857
 6            255        1          14.2857
 7            251        1          14.2857
